[2026-09-20 18:05:14] [INFO] 北京时间: beijing=2026-09-21 data=2026-09-18 pred=2026-09-21
[2026-09-20 18:05:16] [INFO] 持仓拉取: 持仓跟踪.xlsx 已同步
[2026-09-20 18:05:16] [INFO] 持仓拉取: 推荐历史_20260811.json 已更新
[2026-09-20 18:05:16] [INFO] 持仓拉取: 推荐历史_20260910.json 已更新
[2026-09-20 18:05:16] [INFO] 持仓拉取: 推荐历史_20260813.json 已更新
[2026-09-20 18:05:16] [INFO] 持仓拉取: 推荐历史_20260901.json 已更新
[2026-09-20 18:05:16] [INFO] 持仓拉取: 推荐历史_20260820.json 已更新
[2026-09-20 18:05:16] [INFO] 持仓拉取: 推荐历史_20260803.json 已更新
[2026-09-20 18:05:16] [INFO] 持仓拉取: 推荐历史_20260812.json 已更新
[2026-09-20 18:05:16] [INFO] 持仓拉取: 推荐历史_20260818.json 已更新
[2026-09-20 18:05:16] [INFO] 持仓拉取: 推荐历史_20260831.json 已更新
[2026-09-20 18:05:16] [INFO] 持仓拉取: 推荐历史_20260810.json 已更新
[2026-09-20 18:05:16] [INFO] 持仓拉取: 推荐历史_20260614.json 已更新
[2026-09-20 18:05:16] [INFO] 持仓拉取: 推荐历史_20260909.json 已更新
[2026-09-20 18:05:16] [INFO] 持仓拉取: 推荐历史_20260904.json 已更新
[2026-09-20 18:05:16] [INFO] 持仓拉取: 推荐历史_20260906.json 已更新
[2026-09-20 18:05:16] [INFO] 持仓拉取: 推荐历史_20260826.json 已更新
[2026-09-20 18:05:16] [INFO] 持仓拉取: 推荐历史_20260916.json 已更新
[2026-09-20 18:05:16] [INFO] 持仓拉取: 推荐历史_20260615.json 已更新
[2026-09-20 18:05:16] [INFO] 持仓拉取: 推荐历史_20260903.json 已更新
[2026-09-20 18:05:16] [INFO] 持仓拉取: 推荐历史_20260731.json 已更新
[2026-09-20 18:05:16] [INFO] 持仓拉取: 推荐历史_20260612.json 已更新
[2026-09-20 18:05:16] [INFO] 持仓拉取: 推荐历史_20260911.json 已更新
[2026-09-20 18:05:16] [INFO] 持仓拉取: 推荐历史_20260821.json 已更新
[2026-09-20 18:05:16] [INFO] 持仓拉取: 推荐历史_20260824.json 已更新
[2026-09-20 18:05:16] [INFO] 持仓拉取: 推荐历史_20260727.json 已更新
[2026-09-20 18:05:16] [INFO] 持仓拉取: 推荐历史_20260805.json 已更新
[2026-09-20 18:05:16] [INFO] 持仓拉取: 推荐历史_20260907.json 已更新
[2026-09-20 18:05:16] [INFO] 持仓拉取: 推荐历史_20260817.json 已更新
[2026-09-20 18:05:16] [INFO] 持仓拉取: 推荐历史_20260827.json 已更新
[2026-09-20 18:05:16] [INFO] 持仓拉取: 推荐历史_20260814.json 已更新
[2026-09-20 18:05:16] [INFO] 持仓拉取: 推荐历史_20260729.json 已更新
[2026-09-20 18:05:16] [INFO] 持仓拉取: 推荐历史_20260902.json 已更新
[2026-09-20 18:05:16] [INFO] 持仓拉取: 推荐历史_20260807.json 已更新
[2026-09-20 18:05:16] [INFO] 持仓拉取: 推荐历史_20260804.json 已更新
[2026-09-20 18:05:16] [INFO] 持仓拉取: 推荐历史_20260918.json 已更新
[2026-09-20 18:05:16] [INFO] 持仓拉取: 推荐历史_20260728.json 已更新
[2026-09-20 18:05:16] [INFO] 持仓拉取: 推荐历史_20260806.json 已更新
[2026-09-20 18:05:16] [INFO] 持仓拉取: 推荐历史_20260825.json 已更新
[2026-09-20 18:05:16] [INFO] 持仓拉取: 推荐历史_20260915.json 已更新
[2026-09-20 18:05:16] [INFO] 持仓拉取: 推荐历史_20260914.json 已更新
[2026-09-20 18:05:16] [INFO] 持仓拉取: 推荐历史_20260917.json 已更新
[2026-09-20 18:05:16] [INFO] 持仓拉取: 推荐历史_20260819.json 已更新
[2026-09-20 18:05:16] [INFO] 持仓拉取: 推荐历史_20260828.json 已更新
[2026-09-20 18:05:16] [INFO] 持仓拉取: 推荐历史_20260730.json 已更新
[2026-09-20 18:05:16] [INFO] 持仓拉取: 推荐历史_20260908.json 已更新
[2026-09-20 18:05:16] [INFO] 持仓拉取: gh-pages 命中 44 个 推荐历史_*.json
[2026-09-20 18:05:16] [INFO] 持仓拉取: 行业资金历史.json 已同步
[2026-09-20 18:05:16] [WARNING] 行业缓存: 行业缓存.json 缺失/无效，需从仓库同步
[2026-09-20 18:05:16] [WARNING] 行业缓存: 二级行业缓存.json 缺失/无效，需从仓库同步
[2026-09-20 18:05:18] [INFO] 行业缓存: 行业缓存.json 已从仓库同步至 /workspace
[2026-09-20 18:05:18] [INFO] 行业缓存: 二级行业缓存.json 已从仓库同步至 /workspace
[2026-09-20 18:05:18] [DEBUG] 真实收益: 002274 华昌化工 2026-08-26K线获取失败，跳过
[2026-09-20 18:05:19] [INFO] 真实收益: 已采集 12 条次日真实收益 (涉及 1 个文件)
[2026-09-20 18:05:19] [INFO] 极端行情: 上证3912 涨跌0.94%
[2026-09-20 18:05:20] [INFO] 清理: 已清理39条过期记录
[2026-09-20 18:05:20] [INFO] 文件初始化: 版本=v6.29.0 参数=29
[2026-09-20 18:05:20] [INFO] 版本检查: 历史版本≠策略调整版本v6.29.0
[2026-09-20 18:05:20] [INFO] 大盘环境: 上证3912 涨跌0.94%
[2026-09-20 18:05:30] [INFO] 大盘环境: 判断: 震荡 仓位55%
[2026-09-20 18:06:47] [INFO] 行情采集: 腾讯(一级) 成功拉取 4946 只
[2026-09-20 18:06:49] [INFO] 质押数据: RPT_CSDC_LIST(2026-09-18): 2211只
[2026-09-20 18:06:50] [INFO] 商誉数据: RPT_GOODWILL_STOCKDETAILS(2026-06-30): 2729只
[2026-09-20 18:07:01] [INFO] K线HTTP: 腾讯HTTP获取500只(499只有效)
[2026-09-20 18:07:01] [INFO] 硬排除: 通过469只 排除31只 7日推荐26只
[2026-09-20 18:07:19] [INFO] 财务数据: F10基本面: 469只成功, 0只失败
[2026-09-20 18:07:19] [INFO] 风险事件: 解禁: 100只未来15日内有限售解禁(>0%)
[2026-09-20 18:07:37] [INFO] 拥挤度: 机构持仓: 469只成功/0只失败, 减持≥2家: 0只, 融资过热代理: 4只
[2026-09-20 18:07:37] [INFO] 二级行业: 缓存命中469只/缺失0只
[2026-09-20 18:07:37] [INFO] 信号过滤: 通过212只 排除257只
[2026-09-20 18:08:43] [INFO] 北京时间: beijing=2026-09-21 data=2026-09-18 pred=2026-09-21
[2026-09-20 18:08:45] [INFO] 持仓拉取: 持仓跟踪.xlsx 已同步
[2026-09-20 18:08:45] [INFO] 持仓拉取: 推荐历史_20260811.json 已更新
[2026-09-20 18:08:45] [INFO] 持仓拉取: 推荐历史_20260910.json 已更新
[2026-09-20 18:08:45] [INFO] 持仓拉取: 推荐历史_20260813.json 已更新
[2026-09-20 18:08:45] [INFO] 持仓拉取: 推荐历史_20260901.json 已更新
[2026-09-20 18:08:45] [INFO] 持仓拉取: 推荐历史_20260820.json 已更新
[2026-09-20 18:08:45] [INFO] 持仓拉取: 推荐历史_20260803.json 已更新
[2026-09-20 18:08:45] [INFO] 持仓拉取: 推荐历史_20260812.json 已更新
[2026-09-20 18:08:45] [INFO] 持仓拉取: 推荐历史_20260818.json 已更新
[2026-09-20 18:08:45] [INFO] 持仓拉取: 推荐历史_20260831.json 已更新
[2026-09-20 18:08:45] [INFO] 持仓拉取: 推荐历史_20260810.json 已更新
[2026-09-20 18:08:45] [INFO] 持仓拉取: 推荐历史_20260614.json 已更新
[2026-09-20 18:08:45] [INFO] 持仓拉取: 推荐历史_20260909.json 已更新
[2026-09-20 18:08:45] [INFO] 持仓拉取: 推荐历史_20260904.json 已更新
[2026-09-20 18:08:45] [INFO] 持仓拉取: 推荐历史_20260906.json 已更新
[2026-09-20 18:08:45] [INFO] 持仓拉取: 推荐历史_20260826.json 已更新
[2026-09-20 18:08:45] [INFO] 持仓拉取: 推荐历史_20260916.json 已更新
[2026-09-20 18:08:45] [INFO] 持仓拉取: 推荐历史_20260615.json 已更新
[2026-09-20 18:08:45] [INFO] 持仓拉取: 推荐历史_20260903.json 已更新
[2026-09-20 18:08:45] [INFO] 持仓拉取: 推荐历史_20260731.json 已更新
[2026-09-20 18:08:45] [INFO] 持仓拉取: 推荐历史_20260612.json 已更新
[2026-09-20 18:08:45] [INFO] 持仓拉取: 推荐历史_20260911.json 已更新
[2026-09-20 18:08:45] [INFO] 持仓拉取: 推荐历史_20260821.json 已更新
[2026-09-20 18:08:45] [INFO] 持仓拉取: 推荐历史_20260824.json 已更新
[2026-09-20 18:08:45] [INFO] 持仓拉取: 推荐历史_20260727.json 已更新
[2026-09-20 18:08:45] [INFO] 持仓拉取: 推荐历史_20260805.json 已更新
[2026-09-20 18:08:45] [INFO] 持仓拉取: 推荐历史_20260907.json 已更新
[2026-09-20 18:08:45] [INFO] 持仓拉取: 推荐历史_20260817.json 已更新
[2026-09-20 18:08:45] [INFO] 持仓拉取: 推荐历史_20260827.json 已更新
[2026-09-20 18:08:45] [INFO] 持仓拉取: 推荐历史_20260814.json 已更新
[2026-09-20 18:08:45] [INFO] 持仓拉取: 推荐历史_20260729.json 已更新
[2026-09-20 18:08:45] [INFO] 持仓拉取: 推荐历史_20260902.json 已更新
[2026-09-20 18:08:45] [INFO] 持仓拉取: 推荐历史_20260807.json 已更新
[2026-09-20 18:08:45] [INFO] 持仓拉取: 推荐历史_20260804.json 已更新
[2026-09-20 18:08:45] [INFO] 持仓拉取: 推荐历史_20260918.json 已更新
[2026-09-20 18:08:45] [INFO] 持仓拉取: 推荐历史_20260728.json 已更新
[2026-09-20 18:08:45] [INFO] 持仓拉取: 推荐历史_20260806.json 已更新
[2026-09-20 18:08:45] [INFO] 持仓拉取: 推荐历史_20260825.json 已更新
[2026-09-20 18:08:45] [INFO] 持仓拉取: 推荐历史_20260915.json 已更新
[2026-09-20 18:08:45] [INFO] 持仓拉取: 推荐历史_20260914.json 已更新
[2026-09-20 18:08:45] [INFO] 持仓拉取: 推荐历史_20260917.json 已更新
[2026-09-20 18:08:45] [INFO] 持仓拉取: 推荐历史_20260819.json 已更新
[2026-09-20 18:08:45] [INFO] 持仓拉取: 推荐历史_20260828.json 已更新
[2026-09-20 18:08:45] [INFO] 持仓拉取: 推荐历史_20260730.json 已更新
[2026-09-20 18:08:45] [INFO] 持仓拉取: 推荐历史_20260908.json 已更新
[2026-09-20 18:08:45] [INFO] 持仓拉取: gh-pages 命中 44 个 推荐历史_*.json
[2026-09-20 18:08:45] [INFO] 持仓拉取: 行业资金历史.json 已同步
[2026-09-20 18:08:45] [INFO] 行业缓存: 行业缓存.json 已存在且有效，跳过同步
[2026-09-20 18:08:45] [INFO] 行业缓存: 二级行业缓存.json 已存在且有效，跳过同步
[2026-09-20 18:08:45] [DEBUG] 真实收益: 002274 华昌化工 2026-08-26K线获取失败，跳过
[2026-09-20 18:08:46] [INFO] 真实收益: 已采集 12 条次日真实收益 (涉及 1 个文件)
[2026-09-20 18:08:47] [INFO] 极端行情: 上证3912 涨跌0.94%
[2026-09-20 18:08:47] [INFO] 清理: 已清理39条过期记录
[2026-09-20 18:08:47] [INFO] 文件初始化: 版本=v6.29.0 参数=29
[2026-09-20 18:08:47] [INFO] 大盘环境: 上证3912 涨跌0.94%
[2026-09-20 18:08:57] [INFO] 大盘环境: 判断: 震荡 仓位55%
[2026-09-20 18:10:15] [INFO] 行情采集: 腾讯(一级) 成功拉取 4946 只
[2026-09-20 18:10:16] [INFO] 质押数据: RPT_CSDC_LIST(2026-09-18): 2211只
[2026-09-20 18:10:17] [INFO] 商誉数据: RPT_GOODWILL_STOCKDETAILS(2026-06-30): 2729只
[2026-09-20 18:10:28] [INFO] K线HTTP: 腾讯HTTP获取500只(499只有效)
[2026-09-20 18:10:28] [INFO] 硬排除: 通过469只 排除31只 7日推荐26只
[2026-09-20 18:10:37] [INFO] 财务数据: F10基本面: 469只成功, 0只失败
[2026-09-20 18:10:37] [INFO] 风险事件: 解禁: 100只未来15日内有限售解禁(>0%)
[2026-09-20 18:10:47] [INFO] 拥挤度: 机构持仓: 469只成功/0只失败, 减持≥2家: 0只, 融资过热代理: 4只
[2026-09-20 18:10:47] [INFO] 二级行业: 缓存命中469只/缺失0只
[2026-09-20 18:10:47] [INFO] 信号过滤: 通过212只 排除257只
[2026-09-20 18:10:47] [INFO] 策略匹配: 匹配101只(正式)+17只(影子禁用策略)
[2026-09-20 18:10:47] [INFO] 行业限制: 通过44只 (原始88只, 弹性+4)
[2026-09-20 18:11:16] [INFO] 新闻筛查: 全部通过，未发现利空
[2026-09-20 18:11:24] [INFO] TOP10增强: 龙虎榜10/10 正面新闻10/10 公司公告4/10
[2026-09-20 18:11:24] [INFO] 行业负面清单: 剔除22只弱势行业标的(交通运输,传媒,医药生物,商贸零售,基础化工,有色金属,机械设备,汽车,环保,计算机,非银金融,食品饮料)
[2026-09-20 18:11:24] [INFO] 主力资金: 获取22只/22只
[2026-09-20 18:11:25] [INFO] 行业资金: 板块级排名获取160个行业
[2026-09-20 18:11:33] [INFO] 资金面因子: 龙虎榜命中5只 / 融资融券19只
[2026-09-20 18:13:21] [INFO] 北京时间: beijing=2026-09-21 data=2026-09-18 pred=2026-09-21
[2026-09-20 18:13:23] [INFO] 持仓拉取: 持仓跟踪.xlsx 已同步
[2026-09-20 18:13:23] [INFO] 持仓拉取: 推荐历史_20260811.json 已更新
[2026-09-20 18:13:23] [INFO] 持仓拉取: 推荐历史_20260910.json 已更新
[2026-09-20 18:13:23] [INFO] 持仓拉取: 推荐历史_20260813.json 已更新
[2026-09-20 18:13:23] [INFO] 持仓拉取: 推荐历史_20260901.json 已更新
[2026-09-20 18:13:23] [INFO] 持仓拉取: 推荐历史_20260820.json 已更新
[2026-09-20 18:13:23] [INFO] 持仓拉取: 推荐历史_20260803.json 已更新
[2026-09-20 18:13:23] [INFO] 持仓拉取: 推荐历史_20260812.json 已更新
[2026-09-20 18:13:23] [INFO] 持仓拉取: 推荐历史_20260818.json 已更新
[2026-09-20 18:13:23] [INFO] 持仓拉取: 推荐历史_20260831.json 已更新
[2026-09-20 18:13:23] [INFO] 持仓拉取: 推荐历史_20260810.json 已更新
[2026-09-20 18:13:23] [INFO] 持仓拉取: 推荐历史_20260614.json 已更新
[2026-09-20 18:13:23] [INFO] 持仓拉取: 推荐历史_20260909.json 已更新
[2026-09-20 18:13:23] [INFO] 持仓拉取: 推荐历史_20260904.json 已更新
[2026-09-20 18:13:23] [INFO] 持仓拉取: 推荐历史_20260906.json 已更新
[2026-09-20 18:13:23] [INFO] 持仓拉取: 推荐历史_20260826.json 已更新
[2026-09-20 18:13:23] [INFO] 持仓拉取: 推荐历史_20260916.json 已更新
[2026-09-20 18:13:23] [INFO] 持仓拉取: 推荐历史_20260615.json 已更新
[2026-09-20 18:13:23] [INFO] 持仓拉取: 推荐历史_20260903.json 已更新
[2026-09-20 18:13:23] [INFO] 持仓拉取: 推荐历史_20260731.json 已更新
[2026-09-20 18:13:23] [INFO] 持仓拉取: 推荐历史_20260612.json 已更新
[2026-09-20 18:13:23] [INFO] 持仓拉取: 推荐历史_20260911.json 已更新
[2026-09-20 18:13:23] [INFO] 持仓拉取: 推荐历史_20260821.json 已更新
[2026-09-20 18:13:23] [INFO] 持仓拉取: 推荐历史_20260824.json 已更新
[2026-09-20 18:13:23] [INFO] 持仓拉取: 推荐历史_20260727.json 已更新
[2026-09-20 18:13:23] [INFO] 持仓拉取: 推荐历史_20260805.json 已更新
[2026-09-20 18:13:23] [INFO] 持仓拉取: 推荐历史_20260907.json 已更新
[2026-09-20 18:13:23] [INFO] 持仓拉取: 推荐历史_20260817.json 已更新
[2026-09-20 18:13:23] [INFO] 持仓拉取: 推荐历史_20260827.json 已更新
[2026-09-20 18:13:23] [INFO] 持仓拉取: 推荐历史_20260814.json 已更新
[2026-09-20 18:13:23] [INFO] 持仓拉取: 推荐历史_20260729.json 已更新
[2026-09-20 18:13:23] [INFO] 持仓拉取: 推荐历史_20260902.json 已更新
[2026-09-20 18:13:23] [INFO] 持仓拉取: 推荐历史_20260807.json 已更新
[2026-09-20 18:13:23] [INFO] 持仓拉取: 推荐历史_20260804.json 已更新
[2026-09-20 18:13:23] [INFO] 持仓拉取: 推荐历史_20260918.json 已更新
[2026-09-20 18:13:23] [INFO] 持仓拉取: 推荐历史_20260728.json 已更新
[2026-09-20 18:13:23] [INFO] 持仓拉取: 推荐历史_20260806.json 已更新
[2026-09-20 18:13:23] [INFO] 持仓拉取: 推荐历史_20260825.json 已更新
[2026-09-20 18:13:23] [INFO] 持仓拉取: 推荐历史_20260915.json 已更新
[2026-09-20 18:13:23] [INFO] 持仓拉取: 推荐历史_20260914.json 已更新
[2026-09-20 18:13:23] [INFO] 持仓拉取: 推荐历史_20260917.json 已更新
[2026-09-20 18:13:23] [INFO] 持仓拉取: 推荐历史_20260819.json 已更新
[2026-09-20 18:13:23] [INFO] 持仓拉取: 推荐历史_20260828.json 已更新
[2026-09-20 18:13:23] [INFO] 持仓拉取: 推荐历史_20260730.json 已更新
[2026-09-20 18:13:23] [INFO] 持仓拉取: 推荐历史_20260908.json 已更新
[2026-09-20 18:13:23] [INFO] 持仓拉取: gh-pages 命中 44 个 推荐历史_*.json
[2026-09-20 18:13:23] [INFO] 持仓拉取: 行业资金历史.json 已同步
[2026-09-20 18:13:23] [INFO] 行业缓存: 行业缓存.json 已存在且有效，跳过同步
[2026-09-20 18:13:23] [INFO] 行业缓存: 二级行业缓存.json 已存在且有效，跳过同步
[2026-09-20 18:13:23] [DEBUG] 真实收益: 002274 华昌化工 2026-08-26K线获取失败，跳过
[2026-09-20 18:13:25] [INFO] 真实收益: 已采集 12 条次日真实收益 (涉及 1 个文件)
[2026-09-20 18:13:25] [INFO] 极端行情: 上证3912 涨跌0.94%
[2026-09-20 18:13:25] [INFO] 清理: 已清理39条过期记录
[2026-09-20 18:13:25] [INFO] 文件初始化: 版本=v6.29.0 参数=29
[2026-09-20 18:13:25] [INFO] 大盘环境: 上证3912 涨跌0.94%
[2026-09-20 18:13:35] [INFO] 大盘环境: 判断: 震荡 仓位55%
[2026-09-20 18:14:52] [INFO] 行情采集: 腾讯(一级) 成功拉取 4946 只
[2026-09-20 18:14:53] [INFO] 质押数据: RPT_CSDC_LIST(2026-09-18): 2211只
[2026-09-20 18:14:55] [INFO] 商誉数据: RPT_GOODWILL_STOCKDETAILS(2026-06-30): 2729只
[2026-09-20 18:15:05] [INFO] K线HTTP: 腾讯HTTP获取500只(499只有效)
[2026-09-20 18:15:06] [INFO] 硬排除: 通过469只 排除31只 7日推荐26只
[2026-09-20 18:15:23] [INFO] 财务数据: F10基本面: 469只成功, 0只失败
[2026-09-20 18:15:23] [INFO] 风险事件: 解禁: 100只未来15日内有限售解禁(>0%)
[2026-09-20 18:15:44] [INFO] 拥挤度: 机构持仓: 469只成功/0只失败, 减持≥2家: 0只, 融资过热代理: 4只
[2026-09-20 18:15:44] [INFO] 二级行业: 缓存命中469只/缺失0只
[2026-09-20 18:15:44] [INFO] 信号过滤: 通过212只 排除257只
[2026-09-20 18:15:44] [INFO] 策略匹配: 匹配101只(正式)+17只(影子禁用策略)
[2026-09-20 18:15:44] [INFO] 行业限制: 通过44只 (原始88只, 弹性+4)
[2026-09-20 18:16:26] [INFO] 新闻筛查: 全部通过，未发现利空
[2026-09-20 18:16:34] [INFO] TOP10增强: 龙虎榜10/10 正面新闻10/10 公司公告4/10
[2026-09-20 18:16:34] [INFO] 行业负面清单: 剔除22只弱势行业标的(交通运输,传媒,医药生物,商贸零售,基础化工,有色金属,机械设备,汽车,环保,计算机,非银金融,食品饮料)
[2026-09-20 18:16:34] [INFO] 主力资金: 获取22只/22只
[2026-09-20 18:16:34] [INFO] 行业资金: 板块级排名获取160个行业
[2026-09-20 18:16:37] [INFO] 资金面因子: 龙虎榜命中5只 / 融资融券19只
[2026-09-20 18:17:51] [INFO] 深度分析: 冠军 雷柏科技(002577) 已注入深度分析
[2026-09-20 18:17:51] [INFO] Markdown: 已输出至 /workspace/短线标的_2026-09-21.md
[2026-09-20 18:17:53] [INFO] 市场全景: 图表已嵌入: /workspace/ashare-screening-20260921/market_overview.png
[2026-09-20 18:17:53] [INFO] HTML报告: 已生成至 /workspace/ashare-screening-20260921/ashare-screening-20260921.html
[2026-09-20 18:17:53] [INFO] 最终验证: 通过（22只）
[2026-09-20 18:17:53] [INFO] 买入池: 601890(J) 期望过滤: 均收-1.19%<+0.0%, 剔除
[2026-09-20 18:17:53] [INFO] 买入池: 600163(P) 期望过滤: 样本不足(0/5), 剔除
[2026-09-20 18:17:53] [INFO] 买入池: 002518(A) 期望过滤: 样本不足(4/5), 剔除
[2026-09-20 18:17:53] [INFO] 买入池: 603290(A) 期望过滤: 样本不足(4/5), 剔除
[2026-09-20 18:17:53] [INFO] 买入池: 600879(A) 期望过滤: 样本不足(4/5), 剔除
[2026-09-20 18:17:53] [INFO] 买入池: 603127(A) 期望过滤: 样本不足(4/5), 剔除
[2026-09-20 18:17:53] [INFO] 买入池: 600487(C) 期望过滤: 均收-0.55%<+0.0%, 剔除
[2026-09-20 18:17:53] [INFO] 买入池: 600641(C) 期望过滤: 均收-0.55%<+0.0%, 剔除
[2026-09-20 18:17:53] [INFO] 买入池: 605162(C) 期望过滤: 均收-0.55%<+0.0%, 剔除
[2026-09-20 18:17:53] [INFO] 买入池: 002025(C) 期望过滤: 均收-0.55%<+0.0%, 剔除
[2026-09-20 18:17:53] [INFO] 买入池: 002577(D) 期望过滤豁免: 当日冠军, 强制保留
[2026-09-20 18:17:53] [INFO] 买入池: 002194(J) 期望过滤: 均收-1.19%<+0.0%, 剔除
[2026-09-20 18:17:53] [INFO] 买入池: 缩紧: 候选22只 → 买入池11只 (剔除11只)
[2026-09-20 18:17:55] [INFO] 推荐历史: 已追加11条(跳过0条重复)
[2026-09-20 18:17:57] [INFO] 影子追踪: 影子历史已追加17条(跳过0条重复)
[2026-09-20 18:18:09] [INFO] GitHub同步: ✅ 2026-09-21 已推送
[2026-09-20 18:18:09] [INFO] 飞书推送: ✅ 2026-09-21 已推送
